
> provas-seminario@0.1.0 build
> next build

  Ôû▓ Next.js 14.2.35
  - Environments: .env.local

   Creating an optimized production build ...
 Ô£ô Compiled successfully
   Linting and checking validity of types ...
node.exe : 
No linha:1 caractere:1
+ & "C:\Program 
Files\nodejs/node.exe" 
"C:\Program 
Files\nodejs/node_mo 
...
+ ~~~~~~~~~~~~~~~~~~~~~
~~~~~~~~~~~~~~~~~~~~~~~
~~~~~~~~~~~~~~~~~~~~~~~
~~
    + CategoryInfo     
         : NotSpecifi  
  ed: (:String) [],    
 RemoteException
    + FullyQualifiedEr 
   rorId : NativeComm  
  andError
 
Failed to compile.

./src/app/admin/(dashbo
ard)/alunos/ClientForm.
tsx
11:53  Error: 
Unexpected any. 
Specify a different 
type.  @typescript-esli
nt/no-explicit-any
24:17  Error: 
Unexpected any. 
Specify a different 
type.  @typescript-esli
nt/no-explicit-any

./src/app/admin/(dashbo
ard)/alunos/page.tsx
61:55  Error: 
Unexpected any. 
Specify a different 
type.  @typescript-esli
nt/no-explicit-any

./src/app/aluno/dashboa
rd/page.tsx
14:50  Error: 
Unexpected any. 
Specify a different 
type.  @typescript-esli
nt/no-explicit-any
15:53  Error: 
Unexpected any. 
Specify a different 
type.  @typescript-esli
nt/no-explicit-any

info  - Need to 
disable some ESLint 
rules? Learn more 
here: https://nextjs.or
g/docs/basic-features/e
slint#disabling-rules
